<?xml version="1.0" encoding="utf-8"?>
<TestRun id="7a9e61d3-87b2-49e3-8c8b-87b500d09149" name="ManishPatil@MANISH 2025-09-29 12:39:38" runUser="MANISH\ManishPatil" xmlns="http://microsoft.com/schemas/VisualStudio/TeamTest/2010">
  <Times creation="2025-09-29T12:39:38.9213166+02:00" queuing="2025-09-29T12:39:38.9213168+02:00" start="2025-09-29T12:38:40.9034155+02:00" finish="2025-09-29T12:40:32.3362003+02:00" />
  <TestSettings name="default" id="6ae6c8dc-2161-42ff-a495-96e41efd1f6c">
    <Deployment runDeploymentRoot="ManishPatil_MANISH_2025-09-29_12_39_38" />
  </TestSettings>
  <Results>
    <UnitTestResult executionId="12fab8c1-b6e4-4a4e-9442-ae1473cc0315" testId="086babc3-6153-8c34-d962-83d729424747" testName="FailedLoginWithInvalidCredentials" computerName="MANISH" duration="00:00:12.5333910" startTime="2025-09-29T12:39:50.2139752+02:00" endTime="2025-09-29T12:40:02.7473646+02:00" testType="13cdc9d9-ddb5-4fa4-a97d-d965ccfc6d4b" outcome="Failed" testListId="8c84fa94-04c1-424b-9868-57a2d4851a1d" relativeResultsDirectory="12fab8c1-b6e4-4a4e-9442-ae1473cc0315">
      <Output>
        <StdOut>Given I navigate to the login page&#xD;
-&gt; done: LoginStepDefinitions.GivenINavigateToLoginPage() (1.6s)&#xD;
When I log in with username "invalidUserName" and password "invalidPwd"&#xD;
-&gt; done: LoginStepDefinitions.WhenILogInWithCredentials("invalidUserName", "invalidPwd") (0.8s)&#xD;
Then I should be able to view a login error message "The username and password could not be verified."&#xD;
-&gt; error: Locator expected to contain text 'The username and password could not be verified.'&#xD;
But was: '&#xD;
			An internal error has occurred and has been logged.&#xD;
		' &#xD;
Call log:&#xD;
  - Expect "ToContainTextAsync" with timeout 5000ms&#xD;
  - waiting for Locator("#rightPanel .error")&#xD;
    8 × locator resolved to &lt;p class="error"&gt;↵⇆⇆⇆An internal error has occurred and has been l…&lt;/p&gt;&#xD;
      - unexpected value "&#xD;
			An internal error has occurred and has been logged.&#xD;
		" (5.0s)</StdOut>
        <ErrorInfo>
          <Message>Microsoft.Playwright.PlaywrightException : Locator expected to contain text 'The username and password could not be verified.'&#xD;
But was: '&#xD;
			An internal error has occurred and has been logged.&#xD;
		' &#xD;
Call log:&#xD;
  - Expect "ToContainTextAsync" with timeout 5000ms&#xD;
  - waiting for Locator("#rightPanel .error")&#xD;
    8 × locator resolved to &lt;p class="error"&gt;↵⇆⇆⇆An internal error has occurred and has been l…&lt;/p&gt;&#xD;
      - unexpected value "&#xD;
			An internal error has occurred and has been logged.&#xD;
		"</Message>
          <StackTrace>   at Microsoft.Playwright.Core.AssertionsBase.ExpectImplAsync(String expression, FrameExpectOptions expectOptions, Object expected, String message, String title) in /_/src/Playwright/Core/AssertionsBase.cs:line 88&#xD;
   at Microsoft.Playwright.Core.AssertionsBase.ExpectImplAsync(String expression, ExpectedTextValue[] expectedText, Object expected, String message, String title, FrameExpectOptions options) in /_/src/Playwright/Core/AssertionsBase.cs:line 66&#xD;
   at Microsoft.Playwright.Core.AssertionsBase.ExpectImplAsync(String expression, ExpectedTextValue textValue, Object expected, String message, String title, FrameExpectOptions options) in /_/src/Playwright/Core/AssertionsBase.cs:line 58&#xD;
   at LoginStepDefinitions.ThenSeeError(String expected) in C:\Users\ManishPatil\Pictures\PlaywrightC#\ParabankBDDAutomation\ParabankBDDAutomation\src\StepDefinitions\LoginStepDefinitions.cs:line 58&#xD;
   at Reqnroll.Bindings.AsyncMethodHelper.ConvertTaskOfT(Task task, Boolean getValue)&#xD;
   at Reqnroll.Bindings.BindingDelegateInvoker.InvokeDelegateAsync(Delegate bindingDelegate, Object[] invokeArgs, ExecutionContextHolder executionContext)&#xD;
   at Reqnroll.Bindings.BindingInvoker.InvokeBindingAsync(IBinding binding, IContextManager contextManager, Object[] arguments, ITestTracer testTracer, DurationHolder durationHolder)&#xD;
   at Reqnroll.Infrastructure.TestExecutionEngine.ExecuteStepMatchAsync(BindingMatch match, Object[] arguments, DurationHolder durationHolder)&#xD;
   at Reqnroll.Infrastructure.TestExecutionEngine.ExecuteStepAsync(IContextManager contextManager, StepInstance stepInstance)&#xD;
   at Reqnroll.Infrastructure.TestExecutionEngine.OnAfterLastStepAsync()&#xD;
   at Reqnroll.TestRunner.CollectScenarioErrorsAsync()&#xD;
   at PlaywrightBDDAutomation.Features.LoginFeature.ScenarioCleanupAsync()&#xD;
   at PlaywrightBDDAutomation.Features.LoginFeature.FailedLoginWithInvalidCredentials() in C:\Users\ManishPatil\Pictures\PlaywrightC#\ParabankBDDAutomation\ParabankBDDAutomation\Features\Login.feature:line 14&#xD;
   at NUnit.Framework.Internal.TaskAwaitAdapter.GenericAdapter`1.BlockUntilCompleted()&#xD;
   at NUnit.Framework.Internal.MessagePumpStrategy.NoMessagePumpStrategy.WaitForCompletion(AwaitAdapter awaiter)&#xD;
   at NUnit.Framework.Internal.AsyncToSyncAdapter.Await(Func`1 invoke)&#xD;
   at NUnit.Framework.Internal.Commands.TestMethodCommand.RunTestMethod(TestExecutionContext context)&#xD;
   at NUnit.Framework.Internal.Commands.TestMethodCommand.Execute(TestExecutionContext context)&#xD;
   at NUnit.Framework.Internal.Commands.BeforeAndAfterTestCommand.&lt;&gt;c__DisplayClass1_0.&lt;Execute&gt;b__0()&#xD;
   at NUnit.Framework.Internal.Commands.DelegatingTestCommand.RunTestMethodInThreadAbortSafeZone(TestExecutionContext context, Action action)
</StackTrace>
        </ErrorInfo>
      </Output>
    </UnitTestResult>
    <UnitTestResult executionId="5a374139-4147-42c0-8675-1d6c04c579fc" testId="7d6aaff9-512d-95da-780e-a6e70e29bb9b" testName="ViewRecentTransactionsForCheckingAccount" computerName="MANISH" duration="00:00:54.2872920" startTime="2025-09-29T12:38:44.2282966+02:00" endTime="2025-09-29T12:39:38.5154674+02:00" testType="13cdc9d9-ddb5-4fa4-a97d-d965ccfc6d4b" outcome="Passed" testListId="8c84fa94-04c1-424b-9868-57a2d4851a1d" relativeResultsDirectory="5a374139-4147-42c0-8675-1d6c04c579fc">
      <Output>
        <StdOut>Given Logged in successfully with valid credentials&#xD;
-&gt; done: LoginStepDefinitions.ValidCredentialsLogin() (28.7s)&#xD;
When I open account "14454" from accounts overview&#xD;
-&gt; done: AccountOverviewStepDefinitions.GivenIOpenAccountFromOverview("14454") (2.3s)&#xD;
Then I should be able to see transactions listed&#xD;
-&gt; done: AccountOverviewStepDefinitions.ThenIShouldSeeTransactions() (0.1s)</StdOut>
      </Output>
    </UnitTestResult>
    <UnitTestResult executionId="e56a36b4-5149-4acc-ad6d-2b9784a67e99" testId="e1c1ac66-2baf-bbf0-94fe-fac1503e4dcc" testName="TransferFundsBetweenCheckingAndSavings" computerName="MANISH" duration="00:00:09.2728430" startTime="2025-09-29T12:40:12.2807504+02:00" endTime="2025-09-29T12:40:21.5535917+02:00" testType="13cdc9d9-ddb5-4fa4-a97d-d965ccfc6d4b" outcome="Passed" testListId="8c84fa94-04c1-424b-9868-57a2d4851a1d" relativeResultsDirectory="e56a36b4-5149-4acc-ad6d-2b9784a67e99">
      <Output>
        <StdOut>Given Logged in successfully with valid credentials&#xD;
-&gt; done: LoginStepDefinitions.ValidCredentialsLogin() (3.1s)&#xD;
Given I navigate to the transfer funds page&#xD;
-&gt; done: TransferFundsSteps.GivenOnTransferPage() (0.6s)&#xD;
When I transfer 50.00 from account "14454" to account "15120"&#xD;
-&gt; done: TransferFundsSteps.WhenTransfer("50.00", "14454", "15120") (0.2s)&#xD;
Then I should be able to view a confirmation message "Transfer Complete!"&#xD;
-&gt; done: TransferFundsSteps.ThenConfirm("Transfer Complete!") (0.0s)</StdOut>
      </Output>
    </UnitTestResult>
    <UnitTestResult executionId="80ffdbf4-d39c-4572-9ebd-2af48e824618" testId="2cfd4bda-3d3e-4878-c687-690d5fb19e47" testName="SuccessfulLoginWithValidCredentials" computerName="MANISH" duration="00:00:09.5307630" startTime="2025-09-29T12:40:02.7476325+02:00" endTime="2025-09-29T12:40:12.2783943+02:00" testType="13cdc9d9-ddb5-4fa4-a97d-d965ccfc6d4b" outcome="Passed" testListId="8c84fa94-04c1-424b-9868-57a2d4851a1d" relativeResultsDirectory="80ffdbf4-d39c-4572-9ebd-2af48e824618">
      <Output>
        <StdOut>Given I navigate to the login page&#xD;
-&gt; done: LoginStepDefinitions.GivenINavigateToLoginPage() (1.5s)&#xD;
When Logged in successfully with valid credentials&#xD;
-&gt; done: LoginStepDefinitions.ValidCredentialsLogin() (2.2s)&#xD;
Then I should be able to view the accounts overview&#xD;
-&gt; done: LoginStepDefinitions.ThenIShouldBeRedirectedToAccountsOverview() (0.0s)</StdOut>
      </Output>
    </UnitTestResult>
    <UnitTestResult executionId="1c87f17e-3f8e-456c-888d-371147c0e2e1" testId="badcec90-f8b8-c3ec-d08d-4c4f87def5d0" testName="PayABillToARegisteredPayee" computerName="MANISH" duration="00:00:11.6895279" startTime="2025-09-29T12:39:38.5225047+02:00" endTime="2025-09-29T12:39:50.2120307+02:00" testType="13cdc9d9-ddb5-4fa4-a97d-d965ccfc6d4b" outcome="Passed" testListId="8c84fa94-04c1-424b-9868-57a2d4851a1d" relativeResultsDirectory="1c87f17e-3f8e-456c-888d-371147c0e2e1">
      <Output>
        <StdOut>Given Logged in successfully with valid credentials&#xD;
-&gt; done: LoginStepDefinitions.ValidCredentialsLogin() (4.4s)&#xD;
Given I navigate to the Bill Pay page&#xD;
-&gt; done: BillPaySteps.GivenOnBillPay() (1.0s)&#xD;
And I fill payee details:&#xD;
  --- table step argument ---&#xD;
  | Name        | Address   | City   | State | Zip   | Phone      | Account |&#xD;
  | ACME Energy | 1 Main St | Denver | CO    | 80202 | 3035551212 | 14454   |&#xD;
-&gt; done: BillPaySteps.GivenFillPayee(&lt;table&gt;) (0.2s)&#xD;
When I pay an amount of 75.25 from account "16008"&#xD;
-&gt; done: BillPaySteps.WhenPay("75.25", "16008") (0.6s)&#xD;
Then I should be able to view a confirmation "Bill Payment Complete"&#xD;
-&gt; done: BillPaySteps.ThenSeeConfirmation("Bill Payment Comp...") (0.0s)</StdOut>
      </Output>
    </UnitTestResult>
  </Results>
  <TestDefinitions>
    <UnitTest name="PayABillToARegisteredPayee" storage="c:\users\manishpatil\pictures\playwrightc#\parabankbddautomation\parabankbddautomation\bin\debug\net8.0\playwrightbddautomation.dll" id="badcec90-f8b8-c3ec-d08d-4c4f87def5d0">
      <Execution id="1c87f17e-3f8e-456c-888d-371147c0e2e1" />
      <TestMethod codeBase="C:\Users\ManishPatil\Pictures\PlaywrightC#\ParabankBDDAutomation\ParabankBDDAutomation\bin\Debug\net8.0\PlaywrightBDDAutomation.dll" adapterTypeName="executor://nunit3testexecutor/" className="PlaywrightBDDAutomation.Features.BillPayFeature" name="PayABillToARegisteredPayee" />
    </UnitTest>
    <UnitTest name="SuccessfulLoginWithValidCredentials" storage="c:\users\manishpatil\pictures\playwrightc#\parabankbddautomation\parabankbddautomation\bin\debug\net8.0\playwrightbddautomation.dll" id="2cfd4bda-3d3e-4878-c687-690d5fb19e47">
      <Execution id="80ffdbf4-d39c-4572-9ebd-2af48e824618" />
      <TestMethod codeBase="C:\Users\ManishPatil\Pictures\PlaywrightC#\ParabankBDDAutomation\ParabankBDDAutomation\bin\Debug\net8.0\PlaywrightBDDAutomation.dll" adapterTypeName="executor://nunit3testexecutor/" className="PlaywrightBDDAutomation.Features.LoginFeature" name="SuccessfulLoginWithValidCredentials" />
    </UnitTest>
    <UnitTest name="TransferFundsBetweenCheckingAndSavings" storage="c:\users\manishpatil\pictures\playwrightc#\parabankbddautomation\parabankbddautomation\bin\debug\net8.0\playwrightbddautomation.dll" id="e1c1ac66-2baf-bbf0-94fe-fac1503e4dcc">
      <Execution id="e56a36b4-5149-4acc-ad6d-2b9784a67e99" />
      <TestMethod codeBase="C:\Users\ManishPatil\Pictures\PlaywrightC#\ParabankBDDAutomation\ParabankBDDAutomation\bin\Debug\net8.0\PlaywrightBDDAutomation.dll" adapterTypeName="executor://nunit3testexecutor/" className="PlaywrightBDDAutomation.Features.TransferFundsFeature" name="TransferFundsBetweenCheckingAndSavings" />
    </UnitTest>
    <UnitTest name="FailedLoginWithInvalidCredentials" storage="c:\users\manishpatil\pictures\playwrightc#\parabankbddautomation\parabankbddautomation\bin\debug\net8.0\playwrightbddautomation.dll" id="086babc3-6153-8c34-d962-83d729424747">
      <Execution id="12fab8c1-b6e4-4a4e-9442-ae1473cc0315" />
      <TestMethod codeBase="C:\Users\ManishPatil\Pictures\PlaywrightC#\ParabankBDDAutomation\ParabankBDDAutomation\bin\Debug\net8.0\PlaywrightBDDAutomation.dll" adapterTypeName="executor://nunit3testexecutor/" className="PlaywrightBDDAutomation.Features.LoginFeature" name="FailedLoginWithInvalidCredentials" />
    </UnitTest>
    <UnitTest name="ViewRecentTransactionsForCheckingAccount" storage="c:\users\manishpatil\pictures\playwrightc#\parabankbddautomation\parabankbddautomation\bin\debug\net8.0\playwrightbddautomation.dll" id="7d6aaff9-512d-95da-780e-a6e70e29bb9b">
      <Execution id="5a374139-4147-42c0-8675-1d6c04c579fc" />
      <TestMethod codeBase="C:\Users\ManishPatil\Pictures\PlaywrightC#\ParabankBDDAutomation\ParabankBDDAutomation\bin\Debug\net8.0\PlaywrightBDDAutomation.dll" adapterTypeName="executor://nunit3testexecutor/" className="PlaywrightBDDAutomation.Features.AccountsOverviewFeature" name="ViewRecentTransactionsForCheckingAccount" />
    </UnitTest>
  </TestDefinitions>
  <TestEntries>
    <TestEntry testId="086babc3-6153-8c34-d962-83d729424747" executionId="12fab8c1-b6e4-4a4e-9442-ae1473cc0315" testListId="8c84fa94-04c1-424b-9868-57a2d4851a1d" />
    <TestEntry testId="7d6aaff9-512d-95da-780e-a6e70e29bb9b" executionId="5a374139-4147-42c0-8675-1d6c04c579fc" testListId="8c84fa94-04c1-424b-9868-57a2d4851a1d" />
    <TestEntry testId="e1c1ac66-2baf-bbf0-94fe-fac1503e4dcc" executionId="e56a36b4-5149-4acc-ad6d-2b9784a67e99" testListId="8c84fa94-04c1-424b-9868-57a2d4851a1d" />
    <TestEntry testId="2cfd4bda-3d3e-4878-c687-690d5fb19e47" executionId="80ffdbf4-d39c-4572-9ebd-2af48e824618" testListId="8c84fa94-04c1-424b-9868-57a2d4851a1d" />
    <TestEntry testId="badcec90-f8b8-c3ec-d08d-4c4f87def5d0" executionId="1c87f17e-3f8e-456c-888d-371147c0e2e1" testListId="8c84fa94-04c1-424b-9868-57a2d4851a1d" />
  </TestEntries>
  <TestLists>
    <TestList name="Results Not in a List" id="8c84fa94-04c1-424b-9868-57a2d4851a1d" />
    <TestList name="All Loaded Results" id="19431567-8539-422a-85d7-44ee4e166bda" />
  </TestLists>
  <ResultSummary outcome="Failed">
    <Counters total="5" executed="5" passed="4" failed="1" error="0" timeout="0" aborted="0" inconclusive="0" passedButRunAborted="0" notRunnable="0" notExecuted="0" disconnected="0" warning="0" completed="0" inProgress="0" pending="0" />
    <Output>
      <StdOut>NUnit Adapter 4.5.0.0: Test execution started&#xD;
Running all tests in C:\Users\ManishPatil\Pictures\PlaywrightC#\ParabankBDDAutomation\ParabankBDDAutomation\bin\Debug\net8.0\PlaywrightBDDAutomation.dll&#xD;
   NUnit3TestExecutor discovered 5 of 5 NUnit test cases using Current Discovery mode, Non-Explicit run&#xD;
NUnit Adapter 4.5.0.0: Test execution complete&#xD;
</StdOut>
    </Output>
    <RunInfos>
      <RunInfo computerName="MANISH" outcome="Warning" timestamp="2025-09-29T12:39:38.8083304+02:00">
        <Text>Given Logged in successfully with valid credentials&#xD;
-&gt; done: LoginStepDefinitions.ValidCredentialsLogin() (28.7s)&#xD;
When I open account "14454" from accounts overview&#xD;
-&gt; done: AccountOverviewStepDefinitions.GivenIOpenAccountFromOverview("14454") (2.3s)&#xD;
Then I should be able to see transactions listed&#xD;
-&gt; done: AccountOverviewStepDefinitions.ThenIShouldSeeTransactions() (0.1s)&#xD;
</Text>
      </RunInfo>
      <RunInfo computerName="MANISH" outcome="Warning" timestamp="2025-09-29T12:39:50.2138073+02:00">
        <Text>Given Logged in successfully with valid credentials&#xD;
-&gt; done: LoginStepDefinitions.ValidCredentialsLogin() (4.4s)&#xD;
Given I navigate to the Bill Pay page&#xD;
-&gt; done: BillPaySteps.GivenOnBillPay() (1.0s)&#xD;
And I fill payee details:&#xD;
  --- table step argument ---&#xD;
  | Name        | Address   | City   | State | Zip   | Phone      | Account |&#xD;
  | ACME Energy | 1 Main St | Denver | CO    | 80202 | 3035551212 | 14454   |&#xD;
-&gt; done: BillPaySteps.GivenFillPayee(&lt;table&gt;) (0.2s)&#xD;
When I pay an amount of 75.25 from account "16008"&#xD;
-&gt; done: BillPaySteps.WhenPay("75.25", "16008") (0.6s)&#xD;
Then I should be able to view a confirmation "Bill Payment Complete"&#xD;
-&gt; done: BillPaySteps.ThenSeeConfirmation("Bill Payment Comp...") (0.0s)&#xD;
</Text>
      </RunInfo>
      <RunInfo computerName="MANISH" outcome="Warning" timestamp="2025-09-29T12:40:02.7515674+02:00">
        <Text>Given I navigate to the login page&#xD;
-&gt; done: LoginStepDefinitions.GivenINavigateToLoginPage() (1.6s)&#xD;
When I log in with username "invalidUserName" and password "invalidPwd"&#xD;
-&gt; done: LoginStepDefinitions.WhenILogInWithCredentials("invalidUserName", "invalidPwd") (0.8s)&#xD;
Then I should be able to view a login error message "The username and password could not be verified."&#xD;
-&gt; error: Locator expected to contain text 'The username and password could not be verified.'&#xD;
But was: '&#xD;
			An internal error has occurred and has been logged.&#xD;
		' &#xD;
Call log:&#xD;
  - Expect "ToContainTextAsync" with timeout 5000ms&#xD;
  - waiting for Locator("#rightPanel .error")&#xD;
    8 × locator resolved to &lt;p class="error"&gt;↵⇆⇆⇆An internal error has occurred and has been l…&lt;/p&gt;&#xD;
      - unexpected value "&#xD;
			An internal error has occurred and has been logged.&#xD;
		" (5.0s)&#xD;
</Text>
      </RunInfo>
      <RunInfo computerName="MANISH" outcome="Warning" timestamp="2025-09-29T12:40:12.2802701+02:00">
        <Text>Given I navigate to the login page&#xD;
-&gt; done: LoginStepDefinitions.GivenINavigateToLoginPage() (1.5s)&#xD;
When Logged in successfully with valid credentials&#xD;
-&gt; done: LoginStepDefinitions.ValidCredentialsLogin() (2.2s)&#xD;
Then I should be able to view the accounts overview&#xD;
-&gt; done: LoginStepDefinitions.ThenIShouldBeRedirectedToAccountsOverview() (0.0s)&#xD;
</Text>
      </RunInfo>
      <RunInfo computerName="MANISH" outcome="Warning" timestamp="2025-09-29T12:40:21.5558276+02:00">
        <Text>Given Logged in successfully with valid credentials&#xD;
-&gt; done: LoginStepDefinitions.ValidCredentialsLogin() (3.1s)&#xD;
Given I navigate to the transfer funds page&#xD;
-&gt; done: TransferFundsSteps.GivenOnTransferPage() (0.6s)&#xD;
When I transfer 50.00 from account "14454" to account "15120"&#xD;
-&gt; done: TransferFundsSteps.WhenTransfer("50.00", "14454", "15120") (0.2s)&#xD;
Then I should be able to view a confirmation message "Transfer Complete!"&#xD;
-&gt; done: TransferFundsSteps.ThenConfirm("Transfer Complete!") (0.0s)&#xD;
</Text>
      </RunInfo>
    </RunInfos>
  </ResultSummary>
</TestRun>